04:46:26  INFO      Chapas - Chai Ki Pyaas — Daily Instagram Post Generator starting
04:46:26  INFO      Today's item: Sauf Elaichi Chai  (#9 of 91)
04:46:30  INFO      Caption generated:
----------------------------------------
Every sip carries the cool sweetness of sauf and the warm hug of elaichi — a chai that feels like it was made just for you. Come let your evening slow down, one cup at a time. ☕

#ChapasChaiKiPyaas #SaufElaichiChai #ChaiLovers #MalviyaNagarJaipur
----------------------------------------
04:46:30  INFO      Generating slideshow video...
04:47:44  INFO      Video saved: 2026-06-04.mp4 (2.2 MB)
04:47:44  INFO      Images total: 13676 KB across 8 slides
04:47:44  INFO      Done! Have a great day at the cafe. ☕
05:33:38  INFO      Chapas - Chai Ki Pyaas — Daily Instagram Post Generator starting
05:33:39  INFO      Today's item: Gur Wali Chai  (#10 of 91)
05:33:43  INFO      Caption generated:
----------------------------------------
Gur Wali Chai — where every sip feels like a warm hug from your nani's kitchen. 🫖 The rich jaggery melts right into the chai, giving it that deep, earthy sweetness you just can't get from plain sugar. Come in and let this one slow you down a little.

#ChapasChaiKiPyaas #GurWaliChai #MalviyaNagarJaipur #ChaiLovers
----------------------------------------
05:33:43  INFO      Generating slideshow video...
05:35:33  INFO      Video saved: 2026-06-04.mp4 (1.9 MB)
05:35:33  INFO      Images total: 12885 KB across 8 slides
05:35:34  INFO      Done! Have a great day at the cafe. ☕
