06:22:36  INFO      Chapas - Chai Ki Pyaas — Daily Instagram Post Generator starting
06:22:37  INFO      Today's item: Kadak Chai (100 ml)  (#1 of 91)
06:22:45  INFO      Caption generated:
----------------------------------------
Yaar, kuch cheezein seedhi dil ko lagti hain — aur hamari Kadak Chai bilkul waisi hi hai. ☕ Strong, bold, aur ek dum sahi — har ghooont mein woh familiar warmth jo tumhe ghar jaisi feeling deti hai. Adrak ki khushboo, patti ka damdaar flavor, aur doodh ka perfect balance — yahi toh hai Chapas ka asli jaadu. Chahe subah ki neend todi ho ya shaam mein thoda sa sukoon chahiye, yeh chhoti si pyaali sab kuch theek kar deti hai. Aao, apni seat pakdo — chai tayaar hai! 🫖🤎

#ChapasChaiKiPyaas #KadakChai #MalviyaNagarJaipur #ChaiLovers #JaipurCafe
----------------------------------------
06:22:45  INFO      Generating slideshow video...
06:23:23  ERROR     Video generation failed: ffmpeg failed:
ffmpeg version 7.0.2-static https://johnvansickle.com/ffmpeg/  Copyright (c) 2000-2024 the FFmpeg developers
  built with gcc 8 (Debian 8.3.0-6)
  configuration: --enable-gpl --enable-version3 --enable-static --disable-debug --disable-ffplay --disable-indev=sndio --disable-outdev=sndio --cc=gcc --enable-fontconfig --enable-frei0r --enable-gnutls --enable-gmp --enable-libgme --enable-gray --enable-libaom --enable-libfribidi --enable-libass --enable-libvmaf --enable-libfreetype --enable-libmp3lame --enable-libopencore-amrnb --enable-libopencore-amrwb --enable-libopenjpeg --enable-librubberband --enable-libsoxr --enable-libspeex --enable-libsrt --enable-libvorbis --enable-libopus --enable-libtheora --enable-libvidstab --enable-libvo-amrwbenc --enable-libvpx --enable-libwebp --enable-libx264 --enable-libx265 --enable-libxml2 --enable-libdav1d --enable-libxvid --enable-libzvbi --enable-libzimg
  libavutil      59.  8.100 / 59.  8.100
  libavcodec     61.  3.100 / 61.  3.100
  libavformat    61.  1.100 / 61.  1.100
  libavdevice    61.  1.100 / 61.  1.100
  libavfilter    10.  1.100 / 10.  1.100
  libswscale      8.  1.100 /  8.  1.100
  libswresample   5.  1.100 /  5.  1.100
  libpostproc    58.  1.100 / 58.  1.100
[AVFilterGraph @ 0x2d7e38c0] No such filter: 'drawtext'
Failed to set value '[0:v]scale=720:720:force_original_aspect_ratio=increase,crop=720:720,setsar=1[v0];[1:v]scale=720:720:force_original_aspect_ratio=increase,crop=720:720,setsar=1[v1];[2:v]scale=720:720:force_original_aspect_ratio=increase,crop=720:720,setsar=1[v2];[3:v]scale=720:720:force_original_aspect_ratio=increase,crop=720:720,setsar=1[v3];[v0][v1][v2][v3]concat=n=4:v=1:a=0[base];[base]drawtext=text='Chapas - Chai Ki Pyaas':fontsize=52:fontcolor=white:x=(w-text_w)/2:y=h-120:enable='gte(t,11.25)':box=1:boxcolor=black@0.55:boxborderw=12[out]' for option 'filter_complex': Filter not found
Error parsing global options: Filter not found

06:23:23  INFO      Sending email with caption only — video skipped.
06:23:24  INFO      Done! Have a great day at the cafe. ☕
06:29:09  INFO      Chapas - Chai Ki Pyaas — Daily Instagram Post Generator starting
06:29:10  INFO      Today's item: Adrak Chai  (#2 of 91)
06:29:17  INFO      Caption generated:
----------------------------------------
Kuch din hote hain jab sirf ek kaam karta hai — ek gehri saans lena aur haath mein ek kadak Adrak Chai pakad lena. 🫚☕ Hamari Adrak Chai mein taaza adrak ka wo teekha, warm kick hai jo andar tak chain de jaata hai — ekdum ghar jaisa feel. Whether you're shaking off the Monday blues ya bas apne yaar ka wait kar rahe ho, yeh wali chai har baar sahi lagti hai. Aa jao, tumhara cup ready hai. 🤍

#ChapasChaiKiPyaas #AdrakChai #MalviyaNagarJaipur #ChaiLovers #JaipurCafe
----------------------------------------
06:29:17  INFO      Generating slideshow video...
06:30:00  INFO      Video saved: 2026-05-29.mp4
06:30:03  INFO      Done! Have a great day at the cafe. ☕
14:19:49  INFO      Chapas - Chai Ki Pyaas — Daily Instagram Post Generator starting
14:19:50  INFO      Today's item: Sauf Chai  (#3 of 91)
14:19:57  INFO      Caption generated:
----------------------------------------
Kuch cheezein hoti hain jo ek sip mein hi ghar jaisi lagti hain — aur humari Sauf Chai bilkul waisi hi hai. 🍃 Roasted fennel seeds ki meethi-si khushbu aur perfectly brewed chai ka wo combination hai jo aapke andar ek sukoon bhar deta hai. Chahe dopahar ki dhoop ho ya shaam ki thandi hawa, yeh wali chai hamesha sahi moment pe sahi lagti hai. Aao, ek cup lo aur thoda ruk jao — kuch waqt sirf apne liye. ☕

#ChapasChaiKiPyaas #SaufChai #MalviyaNagarJaipur #ChaiLovers #JaipurCafe
----------------------------------------
14:19:57  INFO      Generating slideshow video...
14:20:32  INFO      Video saved: 2026-05-29.mp4
14:20:38  INFO      Done! Have a great day at the cafe. ☕
